[run] 10 queries × ['rag', 'react_bm25', 'rlm'] | model=kimi-k2.7-code:cloud

─ Q1 (id=769) | 37 docs | ~1,929,830 tok | gold: Queen Arwa University
  Please tell me the name of the learning institution that fits the following criteria: A. In 2002, it held a three-day ev
   rag         ✓ EM=1 F1=1.00 cont=1 P=3819 C=1238 calls=1 13.4s
              ans: Queen Arwa University.
   react_bm25  ✓ EM=1 F1=1.00 cont=1 P=14284 C=711 calls=7 15.0s
              ans: Queen Arwa University
   rlm         ✓ EM=1 F1=1.00 cont=1 P=211156 C=8280 calls=44 125.8s
              ans: Queen Arwa University

─ Q2 (id=770) | 88 docs | ~429,628 tok | gold: Laura Lojo-Rodriguez
  Could you provide the name of the individual who:   - As of December 2023, the individual was the coordinator of a resea
   rag         ✗ EM=0 F1=0.00 cont=0 P=4040 C=3611 calls=1 31.3s
              ans: I don’t know. The provided context does not contain enough information to identify someone meeting all those criteria.
   react_bm25  ✗ EM=0 F1=0.00 cont=0 P=14278 C=1640 calls=7 26.1s
              ans: 
   rlm         ✓ EM=1 F1=1.00 cont=1 P=20125 C=2674 calls=1 205.0s
              ans: Laura Lojo-Rodríguez

─ Q3 (id=771) | 101 docs | ~826,118 tok | gold: Vakkorama
  In the 1910s, an individual was born to a couple who lived in a wooden house in a city where there was a tower built in 
   rag         ✗ EM=0 F1=0.00 cont=0 P=4253 C=422 calls=1 5.7s
              ans: I don’t know. The provided context does not mention a new brand created in the 1980s with the owner’s child.
   react_bm25  ✗ EM=0 F1=0.00 cont=0 P=15289 C=1872 calls=7 25.6s
              ans: 
   rlm         ✗ EM=0 F1=0.00 cont=0 P=138363 C=4658 calls=62 107.8s
              ans: I need to search the large context for clues about this biography. Let me use Python to find relevant passages.

```repl
import re

# Search

─ Q4 (id=772) | 119 docs | ~934,517 tok | gold: Secretary
  A township was established in the 1960s to accommodate migrant workers. Initially, the streets of this township were nam
   rag         ✗ EM=0 F1=0.00 cont=0 P=4386 C=744 calls=1 7.1s
              ans: I don't know. The provided context doesn't include the early 2020s article about a school established in the 1980s that started in a church 
   react_bm25  ✗ EM=0 F1=0.00 cont=0 P=15931 C=1881 calls=7 24.3s
              ans: 
   rlm         ✓ EM=0 F1=0.15 cont=1 P=49513 C=2896 calls=17 34.6s
              ans: The article says the longest-serving employee at the school is the school's secretary (Vuyokazi, called 'Vuyo').

─ Q6 (id=774) | 89 docs | ~453,609 tok | gold: Georgia Hirst
  What is the real-life first and last name of the entertainer who;   First appeared in a season that started before 2020 
   rag         ✗ EM=0 F1=0.00 cont=0 P=4267 C=4096 calls=1 34.3s
              ans: 
   react_bm25  ✗ EM=0 F1=0.00 cont=0 P=14895 C=2443 calls=7 79.2s
              ans: 
   rlm         ✓ EM=1 F1=1.00 cont=1 P=300926 C=6618 calls=40 89.7s
              ans: Georgia Hirst

─ Q5 (id=773) | 57 docs | ~670,820 tok | gold: Red
  A child was reported missing several times between January 1, 2014, and December 31, 2018. In late 2014, the missing 13-
   rag         ✗ EM=0 F1=0.00 cont=0 P=4491 C=2865 calls=1 24.4s
              ans: I don’t know. The provided context doesn’t include information about a child with those specific repeated disappearances or a shirt color de
   react_bm25  ✗ EM=0 F1=0.00 cont=0 P=15934 C=2026 calls=7 22.8s
              ans: 
   rlm         ✓ EM=0 F1=0.05 cont=1 P=759913 C=46275 calls=50 435.6s
              ans: Based on my search through the context, the 16-year-old reported missing in 2018 whose police description includes a shirt color is **Kilant

─ Q8 (id=776) | 105 docs | ~1,638,861 tok | gold: The Dorset Culture of the Eastern Arctic
  Someone born in 1886 was mistaken for a shaman during a trip taken between April and November 1915. This was due to an i
   rag         ✗ EM=0 F1=0.00 cont=0 P=4176 C=4096 calls=1 45.7s
              ans: 
   react_bm25  ✗ EM=0 F1=0.00 cont=0 P=14379 C=2059 calls=7 25.8s
              ans: 
   rlm         ✓ EM=1 F1=1.00 cont=1 P=93805 C=4726 calls=28 61.2s
              ans: The Dorset Culture of the Eastern Arctic

─ Q9 (id=778) | 141 docs | ~706,880 tok | gold: 21
  A CEO who founded a company in the mid-1990s was raised in Southern Africa. His father was an engineer, and their relati
   rag         ✗ EM=0 F1=0.00 cont=0 P=4229 C=4096 calls=1 38.2s
              ans: 
   react_bm25  ✗ EM=0 F1=0.00 cont=0 P=14466 C=2456 calls=7 27.2s
              ans: 
   rlm         ✓ EM=1 F1=1.00 cont=1 P=271461 C=10180 calls=43 174.2s
              ans: 21

─ Q10 (id=781) | 76 docs | ~1,133,279 tok | gold: Raheem Sterling
  The league football match occurred between 1992 and 2023 (inclusive).  The match featured Team X and Team Y. Attendance 
   rag         ✗ EM=0 F1=0.00 cont=0 P=4233 C=4096 calls=1 37.6s
              ans: 
   react_bm25  ✗ EM=0 F1=0.00 cont=0 P=16091 C=3006 calls=7 33.9s
              ans: 
   rlm         ✓ EM=0 F1=0.44 cont=1 P=1062 C=1134 calls=2 215.9s
              ans: ```repl
answer["content"] = "Raheem Sterling"
answer["ready"] = True
print(answer)
```

─ Q7 (id=775) | 78 docs | ~179,352 tok | gold: Boston
  A book that was once a contender for an award, originally created in the 2000s (the award itself), was translated into o
   rag         ✗ EM=0 F1=0.00 cont=0 P=4097 C=4096 calls=1 29.3s
              ans: 
   react_bm25  ✗ EM=0 F1=0.00 cont=0 P=14442 C=3786 calls=7 80.4s
              ans: 
   rlm         ✗ EM=0 F1=0.00 cont=0 P=2707 C=107080 calls=5 1170.2s
              ans: Chico, California
[retrievers] loaded 88 files from directory ./query_corpus/q770
[retrievers] loaded 119 files from directory ./query_corpus/q772
[retrievers] loaded 89 files from directory ./query_corpus/q774
[retrievers] loaded 78 files from directory ./query_corpus/q775

[wrote] bc_results_kimi_10.csv

===== SUMMARY =====
method         Corr     EM     F1     P-tok     C-tok       tot     lat  calls
rag            0.10   0.10   0.10    41,991    29,360    71,351  267.1s     10
react_bm25     0.10   0.10   0.10   149,989    21,880   171,869  360.3s     70
rlm            0.80   0.50   0.56 1,849,031   194,521 2,043,552 2620.1s    292

RLM trajectories: /
