[run] 10 queries × ['rag', 'react_bm25', 'rlm'] | model=kimi-k2.7-code:cloud
[retrievers] loaded 37 files from directory ./query_corpus/q769

─ Q1 (id=769) | 37 docs | ~1,929,830 tok | gold: Queen Arwa University
  Please tell me the name of the learning institution that fits the following criteria: A. In 2002, it held a three-day ev
   rag         ✓ EM=0 F1=0.13 cont=1 P=3819 C=1608 calls=1 15.2s
              ans: I don’t know. The provided context only mentions Queen Arwa University’s 2003 graduation in Sanaa, but it lacks information about the 2002 e
   react_bm25  ✗ EM=0 F1=0.00 cont=0 P=14284 C=1469 calls=7 18.6s
              ans: 
   rlm         ✓ EM=1 F1=1.00 cont=1 P=882 C=1871 calls=2 79.4s
              ans: Queen Arwa University
[retrievers] loaded 88 files from directory ./query_corpus/q770

─ Q2 (id=770) | 88 docs | ~429,628 tok | gold: Laura Lojo-Rodriguez
  Could you provide the name of the individual who:   - As of December 2023, the individual was the coordinator of a resea
   rag         ✗ EM=0 F1=0.00 cont=0 P=4040 C=4096 calls=1 36.2s
              ans: 
   react_bm25  ✗ EM=0 F1=0.00 cont=0 P=14390 C=1649 calls=7 18.2s
              ans: 
   rlm         ✓ EM=0 F1=0.36 cont=1 P=105408 C=5238 calls=24 668.4s
              ans: Laura Lojo-Rodríguez (also rendered as Laura María Lojo Rodríguez)
[retrievers] loaded 101 files from directory ./query_corpus/q771

─ Q3 (id=771) | 101 docs | ~826,118 tok | gold: Vakkorama
  In the 1910s, an individual was born to a couple who lived in a wooden house in a city where there was a tower built in 
   rag         ✗ EM=0 F1=0.00 cont=0 P=4253 C=579 calls=1 7.4s
              ans: I don't know. The provided context does not mention a new brand created in the 1980s with the owner's child.
   react_bm25  ✓ EM=1 F1=1.00 cont=1 P=15220 C=1264 calls=7 19.9s
              ans: Vakkorama
